
[1;36m━━ 1/5 Secretos · Gitleaks (historial completo de git) ━━[0m
[90m3:46AM[0m [32mINF[0m [1m11 commits scanned.[0m
[90m3:46AM[0m [32mINF[0m [1mscanned ~2280823 bytes (2.28 MB) in 60.2ms[0m
[90m3:46AM[0m [32mINF[0m [1mno leaks found[0m
### Gitleaks

| Secretos |
|---|
| 0 |

[1;32m✓ gitleaks: pasa la política[0m

[1;36m━━ 2/5 IaC · KICS (infra/) ━━[0m

                                                                                                                                                   
                                                                                                                                                                                                    
   MLLLLLM             MLLLLLLLLL   LLLLLLL             KLLLLLLLLLLLLLLLL       LLLLLLLLLLLLLLLLLLLLLLL 
   MMMMMMM           MMMMMMMMMML    MMMMMMMK       LMMMMMMMMMMMMMMMMMMMML   KLMMMMMMMMMMMMMMMMMMMMMMMMM 
   MMMMMMM         MMMMMMMMML       MMMMMMMK     LMMMMMMMMMMMMMMMMMMMMMML  LMMMMMMMMMMMMMMMMMMMMMMMMMMM 
   MMMMMMM      MMMMMMMMMML         MMMMMMMK   LMMMMMMMMMMMMMMMMMMMMMMMML LMMMMMMMMMMMMMMMMMMMMMMMMMMMM 
   MMMMMMM    LMMMMMMMMML           MMMMMMMK  LMMMMMMMMMLLMLLLLLLLLLLLLLL LMMMMMMMLLLLLLLLLLLLLLLLLLLLM 
   MMMMMMM  MMMMMMMMMLM             MMMMMMMK LMMMMMMMM                    LMMMMMML                      
   MMMMMMMLMMMMMMMML                MMMMMMMK MMMMMMML                     LMMMMMMMMLLLLLLLLLLLLLMLL     
   MMMMMMMMMMMMMMMM                 MMMMMMMK MMMMMML                       LMMMMMMMMMMMMMMMMMMMMMMMMML  
   MMMMMMMMMMMMMMMMMM               MMMMMMMK MMMMMMM                         LMMMMMMMMMMMMMMMMMMMMMMMML 
   MMMMMMM KLMMMMMMMMML             MMMMMMMK LMMMMMMM                                          MMMMMMMML
   MMMMMMM    LMMMMMMMMMM           MMMMMMMK LMMMMMMMMLL                                        MMMMMMML
   MMMMMMM      LMMMMMMMMMLL        MMMMMMMK  LMMMMMMMMMMMMMMMMMMMMMMMMML LLLLLLLLLLLLLLLLLLLLMMMMMMMMMM
   MMMMMMM        MMMMMMMMMMML      MMMMMMMK   MMMMMMMMMMMMMMMMMMMMMMMMML LMMMMMMMMMMMMMMMMMMMMMMMMMMMM 
   MMMMMMM          LLMMMMMMMMML    MMMMMMMK     LLMMMMMMMMMMMMMMMMMMMMML LMMMMMMMMMMMMMMMMMMMMMMMMMML  
   MMMMMMM             MMMMMMMMMML  MMMMMMMK         KLMMMMMMMMMMMMMMMMML LMMMMMMMMMMMMMMMMMMMMMMMLK    
                                                                                                            
                                                                                                                                                                                                                                                                                                                        


Scanning with Keeping Infrastructure as Code Secure v2.1.20






Results Summary:
CRITICAL: 0
HIGH: 0
MEDIUM: 0
LOW: 0
INFO: 0
TOTAL: 0

### KICS

| Crítica | Alta | Media | Baja | Info |
|---|---|---|---|---|
| 0 | 0 | 0 | 0 | 0 |

[1;32m✓ kics: pasa la política[0m

[1;36m━━ 3/5 Dependencias · OSV-Scanner (app/package-lock.json) ━━[0m
Scanning dir app
Starting filesystem walk for root: /
Scanned /repo/app/package-lock.json file and found 67 packages
End status: 3 dirs visited, 8 inodes visited, 1 Extract calls, 1.386717ms elapsed, 1.386818ms wall time

No issues found
### OSV-Scanner

| Crítica | Alta | Media | Baja | Sin CVSS |
|---|---|---|---|---|
| 0 | 0 | 0 | 0 | 0 |

[1;32m✓ osv: pasa la política[0m

[1;36m━━ 4/5 Código · Semgrep CE (app/src) ━━[0m
               
               
┌─────────────┐
│ Scan Status │
└─────────────┘
  Scanning 3 files tracked by git with 190 Code rules:
  Scanning 3 files with 184 js rules.
                
                
┌──────────────┐
│ Scan Summary │
└──────────────┘
✅ Scan completed successfully.
 • Findings: 0 (0 blocking)
 • Rules run: 184
 • Targets scanned: 3
 • Parsed lines: ~100.0%
 • Scan was limited to files tracked by git
 • For a detailed list of skipped files and lines, run semgrep with the --verbose flag
Ran 184 rules on 3 files: 0 findings.
(need more rules? `semgrep login` for additional free Semgrep Registry rules)

If Semgrep missed a finding, please send us feedback to let us know!
See https://semgrep.dev/docs/reporting-false-negatives/
### Semgrep

| Alta (ERROR) | Media (WARNING) | Baja (INFO) |
|---|---|---|
| 0 | 0 | 0 |

[1;32m✓ semgrep: pasa la política[0m

[1;36m━━ 5/5 DAST · ZAP baseline contra OWASP Juice Shop ━━[0m
Esperando a Juice Shop en http://localhost:3000 ...
Total of 88 URLs
PASS: Vulnerable JS Library (Powered by Retire.js) [10003]
PASS: In Page Banner Information Leak [10009]
PASS: Cookie No HttpOnly Flag [10010]
PASS: Cookie Without Secure Flag [10011]
PASS: Re-examine Cache-control Directives [10015]
PASS: Cross-Domain JavaScript Source File Inclusion [10017]
PASS: Content-Type Header Missing [10019]
PASS: Anti-clickjacking Header [10020]
PASS: X-Content-Type-Options Header Missing [10021]
PASS: Information Disclosure - Debug Error Messages [10023]
PASS: Information Disclosure - Sensitive Information in URL [10024]
PASS: Information Disclosure - Sensitive Information in HTTP Referrer Header [10025]
PASS: HTTP Parameter Override [10026]
PASS: Information Disclosure - Suspicious Comments [10027]
PASS: Off-site Redirect [10028]
PASS: Cookie Poisoning [10029]
PASS: User Controllable Charset [10030]
PASS: User Controllable HTML Element Attribute (Potential XSS) [10031]
PASS: Viewstate [10032]
PASS: Directory Browsing [10033]
PASS: Heartbleed OpenSSL Vulnerability (Indicative) [10034]
PASS: Strict-Transport-Security Header [10035]
PASS: HTTP Server Response Header [10036]
PASS: Server Leaks Information via "X-Powered-By" HTTP Response Header Field(s) [10037]
PASS: X-Backend-Server Header Information Leak [10039]
PASS: Secure Pages Include Mixed Content [10040]
PASS: HTTP to HTTPS Insecure Transition in Form Post [10041]
PASS: HTTPS to HTTP Insecure Transition in Form Post [10042]
PASS: User Controllable JavaScript Event (XSS) [10043]
PASS: Big Redirect Detected (Potential Sensitive Information Leak) [10044]
PASS: Content Cacheability [10049]
PASS: Retrieved from Cache [10050]
PASS: X-ChromeLogger-Data (XCOLD) Header Information Leak [10052]
PASS: Cookie without SameSite Attribute [10054]
PASS: CSP [10055]
PASS: X-Debug-Token Information Leak [10056]
PASS: Username Hash Found [10057]
PASS: X-AspNet-Version Response Header [10061]
PASS: PII Disclosure [10062]
PASS: Hash Disclosure [10097]
PASS: Source Code Disclosure [10099]
PASS: Weak Authentication Method [10105]
PASS: Reverse Tabnabbing [10108]
PASS: Modern Web Application [10109]
PASS: Authentication Request Identified [10111]
PASS: Session Management Response Identified [10112]
PASS: Verification Request Identified [10113]
PASS: Script Served From Malicious Domain (polyfill) [10115]
PASS: ZAP is Out of Date [10116]
PASS: Absence of Anti-CSRF Tokens [10202]
PASS: Private IP Disclosure [2]
PASS: Session ID in URL Rewrite [3]
PASS: Script Passive Scan Rules [50001]
PASS: Insecure JSF ViewState [90001]
PASS: Java Serialization Object [90002]
PASS: Sub Resource Integrity Attribute Missing [90003]
PASS: Charset Mismatch [90011]
PASS: Application Error Disclosure [90022]
PASS: WSDL File Detection [90030]
PASS: Loosely Scoped Cookie [90033]
IGNORE-NEW: Dangerous JS Functions [10110] x 1 
	http://localhost:3000/main.js (200 OK)
WARN-NEW: Content Security Policy (CSP) Header Not Set [10038] x 11 
	http://localhost:3000/ (200 OK)
	http://localhost:3000 (200 OK)
	http://localhost:3000/sitemap.xml (200 OK)
	http://localhost:3000/ftp/encrypt.pyc (403 Forbidden)
	http://localhost:3000/ftp/eastere.gg (403 Forbidden)
WARN-NEW: Deprecated Feature Policy Header Set [10063] x 11 
	http://localhost:3000/ (200 OK)
	http://localhost:3000 (200 OK)
	http://localhost:3000/sitemap.xml (200 OK)
	http://localhost:3000/polyfills.js (200 OK)
	http://localhost:3000/scripts.js (200 OK)
WARN-NEW: Timestamp Disclosure - Unix [10096] x 18 
	http://localhost:3000/ (200 OK)
	http://localhost:3000/ (200 OK)
	http://localhost:3000 (200 OK)
	http://localhost:3000 (200 OK)
	http://localhost:3000/sitemap.xml (200 OK)
WARN-NEW: Cross-Domain Misconfiguration [10098] x 11 
	http://localhost:3000/ (200 OK)
	http://localhost:3000/robots.txt (200 OK)
	http://localhost:3000/assets/public/favicon_js.ico (200 OK)
	http://localhost:3000/styles.css (200 OK)
	http://localhost:3000 (200 OK)
WARN-NEW: Cross-Origin-Embedder-Policy Header Missing or Invalid [90004] x 10 
	http://localhost:3000/ (200 OK)
	http://localhost:3000/ (200 OK)
	http://localhost:3000 (200 OK)
	http://localhost:3000 (200 OK)
	http://localhost:3000/sitemap.xml (200 OK)
FAIL-NEW: 0	FAIL-INPROG: 0	WARN-NEW: 5	WARN-INPROG: 0	INFO: 0	IGNORE: 1	PASS: 60
### ZAP baseline (no bloquea)

| Alta | Media | Baja | Info | Ignoradas (rules.tsv) |
|---|---|---|---|---|
| 0 | 2 | 4 | 3 | 1 |

<details><summary>Ver 10 hallazgo(s)</summary>

| Severidad | Hallazgo | Ubicación |
|---|---|---|
| Medium | Content Security Policy (CSP) Header Not Set [10038] | `ej.: http://localhost:3000` |
| Medium | Cross-Domain Misconfiguration [10098] | `ej.: http://localhost:3000` |
| Low | Cross-Origin-Embedder-Policy Header Missing or Invalid [90004] | `ej.: http://localhost:3000` |
| Low | Cross-Origin-Opener-Policy Header Missing or Invalid [90004] | `ej.: http://localhost:3000` |
| Low | Dangerous JS Functions [10110] (ignorada) | `ej.: http://localhost:3000/main.js` |
| Low | Deprecated Feature Policy Header Set [10063] | `ej.: http://localhost:3000` |
| Low | Timestamp Disclosure - Unix [10096] | `ej.: http://localhost:3000` |
| Informational | Modern Web Application [10109] | `ej.: http://localhost:3000` |
| Informational | Storable and Cacheable Content [10049] | `ej.: http://localhost:3000/robots.txt` |
| Informational | Storable but Non-Cacheable Content [10049] | `ej.: http://localhost:3000` |

</details>

[1;34mℹ zap: solo reporta, no bloquea (en CI corre solo si las 4 etapas estáticas pasan)[0m
Reporte HTML: reportes/fix/zap/zap.html

[1;36m━━ Resumen guardado en reportes/fix/resumen.md ━━[0m
